<html>
<body>
<pre>
<h1>µVision Build Log</h1>
<h2>Project:</h2>
C:\stm32_proj\test\tpl.uvproj
Project File Date:  11/09/2013

<h2>Output:</h2>
Build target 'stm32f103x'
compiling main.c...
src\main.c(7): warning:  #177-D: variable "i" was declared but never referenced
src\main.c:     int i = 0 ;
src\main.c:         ^
src\main.c: src\main.c: 1 warning, 0 errors
compiling TIM3_PWM.C...
src\TIM3_PWM.C(18): warning:  #69-D: integer conversion resulted in truncation
src\TIM3_PWM.C:         TIM_TimeBaseStructure.TIM_Period = PERIOD ;
src\TIM3_PWM.C:                                            ^
src\TIM3_PWM.C: src\TIM3_PWM.C: 1 warning, 0 errors
linking...
Program Size: Code=3118 RO-data=290 RW-data=12 ZI-data=612  
FromELF: creating hex file...
"tpl.axf" - 0 Error(s), 2 Warning(s).
Build target 'stm32f103x'
compiling TIM3_PWM.C...
src\TIM3_PWM.C(18): warning:  #69-D: integer conversion resulted in truncation
src\TIM3_PWM.C:         TIM_TimeBaseStructure.TIM_Period = PERIOD ;
src\TIM3_PWM.C:                                            ^
src\TIM3_PWM.C: src\TIM3_PWM.C: 1 warning, 0 errors
linking...
Program Size: Code=3122 RO-data=290 RW-data=12 ZI-data=612  
FromELF: creating hex file...
"tpl.axf" - 0 Error(s), 1 Warning(s).
Build target 'stm32f103x'
compiling TIM3_PWM.C...
linking...
Program Size: Code=3110 RO-data=290 RW-data=12 ZI-data=612  
FromELF: creating hex file...
"tpl.axf" - 0 Error(s), 0 Warning(s).
Build target 'stm32f103x'
linking...
Program Size: Code=3110 RO-data=290 RW-data=12 ZI-data=612  
FromELF: creating hex file...
"tpl.axf" - 0 Error(s), 0 Warning(s).
Build target 'stm32f103x'
compiling TIM3_PWM.C...
linking...
Program Size: Code=3122 RO-data=290 RW-data=12 ZI-data=612  
FromELF: creating hex file...
"tpl.axf" - 0 Error(s), 0 Warning(s).
Build target 'stm32f103x'
compiling TIM3_PWM.C...
linking...
Program Size: Code=3122 RO-data=290 RW-data=12 ZI-data=612  
FromELF: creating hex file...
"tpl.axf" - 0 Error(s), 0 Warning(s).
Build target 'stm32f103x'
compiling TIM3_PWM.C...
linking...
Program Size: Code=3110 RO-data=290 RW-data=12 ZI-data=612  
FromELF: creating hex file...
"tpl.axf" - 0 Error(s), 0 Warning(s).
Build target 'stm32f103x'
compiling TIM3_PWM.C...
linking...
Program Size: Code=3110 RO-data=290 RW-data=12 ZI-data=612  
FromELF: creating hex file...
"tpl.axf" - 0 Error(s), 0 Warning(s).
Build target 'stm32f103x'
compiling TIM3_PWM.C...
linking...
Program Size: Code=3110 RO-data=290 RW-data=12 ZI-data=612  
FromELF: creating hex file...
"tpl.axf" - 0 Error(s), 0 Warning(s).
Build target 'stm32f103x'
compiling TIM3_PWM.C...
linking...
Program Size: Code=3110 RO-data=290 RW-data=12 ZI-data=612  
FromELF: creating hex file...
"tpl.axf" - 0 Error(s), 0 Warning(s).
Build target 'stm32f103x'
compiling TIM3_PWM.C...
linking...
Program Size: Code=3122 RO-data=290 RW-data=12 ZI-data=612  
FromELF: creating hex file...
"tpl.axf" - 0 Error(s), 0 Warning(s).
Build target 'stm32f103x'
compiling TIM3_PWM.C...
linking...
Program Size: Code=3110 RO-data=290 RW-data=12 ZI-data=612  
FromELF: creating hex file...
"tpl.axf" - 0 Error(s), 0 Warning(s).
Build target 'stm32f103x'
compiling TIM3_PWM.C...
linking...
Program Size: Code=3118 RO-data=290 RW-data=12 ZI-data=612  
FromELF: creating hex file...
"tpl.axf" - 0 Error(s), 0 Warning(s).
Build target 'stm32f103x'
compiling TIM3_PWM.C...
linking...
Program Size: Code=3118 RO-data=290 RW-data=12 ZI-data=612  
FromELF: creating hex file...
"tpl.axf" - 0 Error(s), 0 Warning(s).
Build target 'stm32f103x'
compiling TIM3_PWM.C...
linking...
Program Size: Code=3110 RO-data=290 RW-data=12 ZI-data=612  
FromELF: creating hex file...
"tpl.axf" - 0 Error(s), 0 Warning(s).
Build target 'stm32f103x'
compiling TIM3_PWM.C...
linking...
Program Size: Code=3110 RO-data=290 RW-data=12 ZI-data=612  
FromELF: creating hex file...
"tpl.axf" - 0 Error(s), 0 Warning(s).
Build target 'stm32f103x'
compiling TIM3_PWM.C...
linking...
Program Size: Code=3122 RO-data=290 RW-data=12 ZI-data=612  
FromELF: creating hex file...
"tpl.axf" - 0 Error(s), 0 Warning(s).
Build target 'stm32f103x'
compiling TIM3_PWM.C...
linking...
Program Size: Code=3122 RO-data=290 RW-data=12 ZI-data=612  
FromELF: creating hex file...
"tpl.axf" - 0 Error(s), 0 Warning(s).
Build target 'stm32f103x'
compiling TIM3_PWM.C...
linking...
Program Size: Code=3110 RO-data=290 RW-data=12 ZI-data=612  
FromELF: creating hex file...
"tpl.axf" - 0 Error(s), 0 Warning(s).
Build target 'stm32f103x'
compiling TIM3_PWM.C...
linking...
Program Size: Code=3110 RO-data=290 RW-data=12 ZI-data=612  
FromELF: creating hex file...
"tpl.axf" - 0 Error(s), 0 Warning(s).
Build target 'stm32f103x'
compiling TIM3_PWM.C...
linking...
Program Size: Code=3110 RO-data=290 RW-data=12 ZI-data=612  
FromELF: creating hex file...
"tpl.axf" - 0 Error(s), 0 Warning(s).
Build target 'stm32f103x'
compiling TIM3_PWM.C...
linking...
Program Size: Code=3102 RO-data=290 RW-data=12 ZI-data=612  
FromELF: creating hex file...
"tpl.axf" - 0 Error(s), 0 Warning(s).
Build target 'stm32f103x'
compiling TIM3_PWM.C...
linking...
Program Size: Code=3110 RO-data=290 RW-data=12 ZI-data=612  
FromELF: creating hex file...
"tpl.axf" - 0 Error(s), 0 Warning(s).
Build target 'stm32f103x'
compiling TIM3_PWM.C...
linking...
Program Size: Code=3102 RO-data=290 RW-data=12 ZI-data=612  
FromELF: creating hex file...
"tpl.axf" - 0 Error(s), 0 Warning(s).
Build target 'stm32f103x'
compiling TIM3_PWM.C...
linking...
Program Size: Code=3110 RO-data=290 RW-data=12 ZI-data=612  
FromELF: creating hex file...
"tpl.axf" - 0 Error(s), 0 Warning(s).
Build target 'stm32f103x'
compiling TIM3_PWM.C...
linking...
Program Size: Code=3110 RO-data=290 RW-data=12 ZI-data=612  
FromELF: creating hex file...
"tpl.axf" - 0 Error(s), 0 Warning(s).
Build target 'stm32f103x'
linking...
Program Size: Code=3110 RO-data=290 RW-data=12 ZI-data=612  
FromELF: creating hex file...
"tpl.axf" - 0 Error(s), 0 Warning(s).
Build target 'stm32f103x'
compiling TIM3_PWM.C...
linking...
Program Size: Code=3110 RO-data=290 RW-data=12 ZI-data=612  
FromELF: creating hex file...
"tpl.axf" - 0 Error(s), 0 Warning(s).
Build target 'stm32f103x'
compiling TIM3_PWM.C...
linking...
Program Size: Code=3102 RO-data=290 RW-data=12 ZI-data=612  
FromELF: creating hex file...
"tpl.axf" - 0 Error(s), 0 Warning(s).
Build target 'stm32f103x'
compiling TIM3_PWM.C...
linking...
Program Size: Code=3110 RO-data=290 RW-data=12 ZI-data=612  
FromELF: creating hex file...
"tpl.axf" - 0 Error(s), 0 Warning(s).
Build target 'stm32f103x'
compiling TIM3_PWM.C...
linking...
Program Size: Code=3110 RO-data=290 RW-data=12 ZI-data=612  
FromELF: creating hex file...
"tpl.axf" - 0 Error(s), 0 Warning(s).
Build target 'stm32f103x'
compiling TIM3_PWM.C...
linking...
Program Size: Code=3110 RO-data=290 RW-data=12 ZI-data=612  
FromELF: creating hex file...
"tpl.axf" - 0 Error(s), 0 Warning(s).
Build target 'stm32f103x'
compiling TIM3_PWM.C...
linking...
Program Size: Code=3102 RO-data=290 RW-data=12 ZI-data=612  
FromELF: creating hex file...
"tpl.axf" - 0 Error(s), 0 Warning(s).
Build target 'stm32f103x'
compiling TIM3_PWM.C...
linking...
Program Size: Code=3110 RO-data=290 RW-data=12 ZI-data=612  
FromELF: creating hex file...
"tpl.axf" - 0 Error(s), 0 Warning(s).
Build target 'stm32f103x'
compiling TIM3_PWM.C...
linking...
Program Size: Code=3110 RO-data=290 RW-data=12 ZI-data=612  
FromELF: creating hex file...
"tpl.axf" - 0 Error(s), 0 Warning(s).
Build target 'stm32f103x'
compiling TIM3_PWM.C...
linking...
Program Size: Code=3110 RO-data=290 RW-data=12 ZI-data=612  
FromELF: creating hex file...
"tpl.axf" - 0 Error(s), 0 Warning(s).
Build target 'stm32f103x'
compiling main.c...
src\main.c(7): warning:  #177-D: variable "i" was declared but never referenced
src\main.c:     int i = 0 ;
src\main.c:         ^
src\main.c: src\main.c: 1 warning, 0 errors
linking...
Program Size: Code=3138 RO-data=290 RW-data=12 ZI-data=612  
FromELF: creating hex file...
"tpl.axf" - 0 Error(s), 1 Warning(s).
Build target 'stm32f103x'
compiling main.c...
src\main.c(7): warning:  #177-D: variable "i" was declared but never referenced
src\main.c:     int i = 0 ;
src\main.c:         ^
src\main.c: src\main.c: 1 warning, 0 errors
linking...
Program Size: Code=3138 RO-data=290 RW-data=12 ZI-data=612  
FromELF: creating hex file...
"tpl.axf" - 0 Error(s), 1 Warning(s).
Build target 'stm32f103x'
compiling main.c...
src\main.c(7): warning:  #177-D: variable "i" was declared but never referenced
src\main.c:     int i = 0 ;
src\main.c:         ^
src\main.c: src\main.c: 1 warning, 0 errors
linking...
Program Size: Code=3138 RO-data=290 RW-data=12 ZI-data=612  
FromELF: creating hex file...
"tpl.axf" - 0 Error(s), 1 Warning(s).
Build target 'stm32f103x'
compiling main.c...
src\main.c(7): warning:  #177-D: variable "i" was declared but never referenced
src\main.c:     int i = 0 ;
src\main.c:         ^
src\main.c: src\main.c: 1 warning, 0 errors
compiling TIM3_PWM.C...
linking...
Program Size: Code=3102 RO-data=290 RW-data=12 ZI-data=612  
FromELF: creating hex file...
"tpl.axf" - 0 Error(s), 1 Warning(s).
Build target 'stm32f103x'
compiling TIM3_PWM.C...
linking...
Program Size: Code=3102 RO-data=290 RW-data=12 ZI-data=612  
FromELF: creating hex file...
"tpl.axf" - 0 Error(s), 0 Warning(s).
Build target 'stm32f103x'
compiling TIM3_PWM.C...
linking...
Program Size: Code=3102 RO-data=290 RW-data=12 ZI-data=612  
FromELF: creating hex file...
"tpl.axf" - 0 Error(s), 0 Warning(s).
Build target 'stm32f103x'
linking...
Program Size: Code=3102 RO-data=290 RW-data=12 ZI-data=612  
FromELF: creating hex file...
"tpl.axf" - 0 Error(s), 0 Warning(s).
Build target 'stm32f103x'
compiling TIM3_PWM.C...
linking...
Program Size: Code=3102 RO-data=290 RW-data=12 ZI-data=612  
FromELF: creating hex file...
"tpl.axf" - 0 Error(s), 0 Warning(s).
Build target 'stm32f103x'
compiling TIM3_PWM.C...
linking...
Program Size: Code=3102 RO-data=290 RW-data=12 ZI-data=612  
FromELF: creating hex file...
"tpl.axf" - 0 Error(s), 0 Warning(s).
Build target 'stm32f103x'
compiling TIM3_PWM.C...
linking...
Program Size: Code=3094 RO-data=290 RW-data=12 ZI-data=612  
FromELF: creating hex file...
"tpl.axf" - 0 Error(s), 0 Warning(s).
Build target 'stm32f103x'
compiling TIM3_PWM.C...
linking...
Program Size: Code=3102 RO-data=290 RW-data=12 ZI-data=612  
FromELF: creating hex file...
"tpl.axf" - 0 Error(s), 0 Warning(s).
Build target 'stm32f103x'
compiling TIM3_PWM.C...
linking...
Program Size: Code=3102 RO-data=290 RW-data=12 ZI-data=612  
FromELF: creating hex file...
"tpl.axf" - 0 Error(s), 0 Warning(s).
Build target 'stm32f103x'
compiling TIM3_PWM.C...
linking...
Program Size: Code=3102 RO-data=290 RW-data=12 ZI-data=612  
FromELF: creating hex file...
"tpl.axf" - 0 Error(s), 0 Warning(s).
Build target 'stm32f103x'
compiling TIM3_PWM.C...
linking...
Program Size: Code=3102 RO-data=290 RW-data=12 ZI-data=612  
FromELF: creating hex file...
"tpl.axf" - 0 Error(s), 0 Warning(s).
Build target 'stm32f103x'
compiling TIM3_PWM.C...
linking...
Program Size: Code=3102 RO-data=290 RW-data=12 ZI-data=612  
FromELF: creating hex file...
"tpl.axf" - 0 Error(s), 0 Warning(s).
Build target 'stm32f103x'
compiling TIM3_PWM.C...
linking...
Program Size: Code=3102 RO-data=290 RW-data=12 ZI-data=612  
FromELF: creating hex file...
"tpl.axf" - 0 Error(s), 0 Warning(s).
Build target 'stm32f103x'
compiling TIM3_PWM.C...
linking...
Program Size: Code=3102 RO-data=290 RW-data=12 ZI-data=612  
FromELF: creating hex file...
"tpl.axf" - 0 Error(s), 0 Warning(s).
Build target 'stm32f103x'
compiling TIM3_PWM.C...
linking...
Program Size: Code=3102 RO-data=290 RW-data=12 ZI-data=612  
FromELF: creating hex file...
"tpl.axf" - 0 Error(s), 0 Warning(s).
Build target 'stm32f103x'
compiling TIM3_PWM.C...
linking...
Program Size: Code=3102 RO-data=290 RW-data=12 ZI-data=612  
FromELF: creating hex file...
"tpl.axf" - 0 Error(s), 0 Warning(s).
Build target 'stm32f103x'
compiling TIM3_PWM.C...
linking...
Program Size: Code=3106 RO-data=290 RW-data=12 ZI-data=612  
FromELF: creating hex file...
"tpl.axf" - 0 Error(s), 0 Warning(s).
Build target 'stm32f103x'
compiling TIM3_PWM.C...
linking...
Program Size: Code=3106 RO-data=290 RW-data=12 ZI-data=612  
FromELF: creating hex file...
"tpl.axf" - 0 Error(s), 0 Warning(s).
Build target 'stm32f103x'
compiling TIM3_PWM.C...
linking...
Program Size: Code=3110 RO-data=290 RW-data=12 ZI-data=612  
FromELF: creating hex file...
"tpl.axf" - 0 Error(s), 0 Warning(s).
Build target 'stm32f103x'
compiling TIM3_PWM.C...
linking...
Program Size: Code=3110 RO-data=290 RW-data=12 ZI-data=612  
FromELF: creating hex file...
"tpl.axf" - 0 Error(s), 0 Warning(s).
Build target 'stm32f103x'
compiling TIM3_PWM.C...
linking...
Program Size: Code=3110 RO-data=290 RW-data=12 ZI-data=612  
FromELF: creating hex file...
"tpl.axf" - 0 Error(s), 0 Warning(s).
Build target 'stm32f103x'
compiling TIM3_PWM.C...
linking...
Program Size: Code=3110 RO-data=290 RW-data=12 ZI-data=612  
FromELF: creating hex file...
"tpl.axf" - 0 Error(s), 0 Warning(s).
Build target 'stm32f103x'
compiling TIM3_PWM.C...
linking...
Program Size: Code=3110 RO-data=290 RW-data=12 ZI-data=612  
FromELF: creating hex file...
"tpl.axf" - 0 Error(s), 0 Warning(s).
Build target 'stm32f103x'
compiling TIM3_PWM.C...
linking...
Program Size: Code=3110 RO-data=290 RW-data=12 ZI-data=612  
FromELF: creating hex file...
"tpl.axf" - 0 Error(s), 0 Warning(s).
Build target 'stm32f103x'
compiling TIM3_PWM.C...
linking...
Program Size: Code=3110 RO-data=290 RW-data=12 ZI-data=612  
FromELF: creating hex file...
"tpl.axf" - 0 Error(s), 0 Warning(s).
Build target 'stm32f103x'
compiling TIM3_PWM.C...
linking...
Program Size: Code=3110 RO-data=290 RW-data=12 ZI-data=612  
FromELF: creating hex file...
"tpl.axf" - 0 Error(s), 0 Warning(s).
Build target 'stm32f103x'
compiling TIM3_PWM.C...
linking...
Program Size: Code=3110 RO-data=290 RW-data=12 ZI-data=612  
FromELF: creating hex file...
"tpl.axf" - 0 Error(s), 0 Warning(s).
Build target 'stm32f103x'
compiling TIM3_PWM.C...
linking...
Program Size: Code=3110 RO-data=290 RW-data=12 ZI-data=612  
FromELF: creating hex file...
"tpl.axf" - 0 Error(s), 0 Warning(s).
Build target 'stm32f103x'
compiling TIM3_PWM.C...
linking...
Program Size: Code=3110 RO-data=290 RW-data=12 ZI-data=612  
FromELF: creating hex file...
"tpl.axf" - 0 Error(s), 0 Warning(s).
Build target 'stm32f103x'
compiling TIM3_PWM.C...
linking...
Program Size: Code=3106 RO-data=290 RW-data=12 ZI-data=612  
FromELF: creating hex file...
"tpl.axf" - 0 Error(s), 0 Warning(s).
Build target 'stm32f103x'
compiling TIM3_PWM.C...
linking...
Program Size: Code=3106 RO-data=290 RW-data=12 ZI-data=612  
FromELF: creating hex file...
"tpl.axf" - 0 Error(s), 0 Warning(s).
Build target 'stm32f103x'
compiling TIM3_PWM.C...
linking...
Program Size: Code=3106 RO-data=290 RW-data=12 ZI-data=612  
FromELF: creating hex file...
"tpl.axf" - 0 Error(s), 0 Warning(s).
Build target 'stm32f103x'
compiling TIM3_PWM.C...
linking...
Program Size: Code=3106 RO-data=290 RW-data=12 ZI-data=612  
FromELF: creating hex file...
"tpl.axf" - 0 Error(s), 0 Warning(s).
Build target 'stm32f103x'
compiling TIM3_PWM.C...
linking...
Program Size: Code=3106 RO-data=290 RW-data=12 ZI-data=612  
FromELF: creating hex file...
"tpl.axf" - 0 Error(s), 0 Warning(s).
Build target 'stm32f103x'
compiling TIM3_PWM.C...
linking...
Program Size: Code=3106 RO-data=290 RW-data=12 ZI-data=612  
FromELF: creating hex file...
"tpl.axf" - 0 Error(s), 0 Warning(s).
Build target 'stm32f103x'
compiling TIM3_PWM.C...
linking...
Program Size: Code=3114 RO-data=290 RW-data=12 ZI-data=612  
FromELF: creating hex file...
"tpl.axf" - 0 Error(s), 0 Warning(s).
Build target 'stm32f103x'
compiling TIM3_PWM.C...
linking...
Program Size: Code=3114 RO-data=290 RW-data=12 ZI-data=612  
FromELF: creating hex file...
"tpl.axf" - 0 Error(s), 0 Warning(s).
Build target 'stm32f103x'
compiling TIM3_PWM.C...
linking...
Program Size: Code=3114 RO-data=290 RW-data=12 ZI-data=612  
FromELF: creating hex file...
"tpl.axf" - 0 Error(s), 0 Warning(s).
Build target 'stm32f103x'
compiling TIM3_PWM.C...
linking...
Program Size: Code=3114 RO-data=290 RW-data=12 ZI-data=612  
FromELF: creating hex file...
"tpl.axf" - 0 Error(s), 0 Warning(s).
Build target 'stm32f103x'
compiling TIM3_PWM.C...
linking...
Program Size: Code=3110 RO-data=290 RW-data=12 ZI-data=612  
FromELF: creating hex file...
"tpl.axf" - 0 Error(s), 0 Warning(s).
Build target 'stm32f103x'
compiling TIM3_PWM.C...
linking...
Program Size: Code=3110 RO-data=290 RW-data=12 ZI-data=612  
FromELF: creating hex file...
"tpl.axf" - 0 Error(s), 0 Warning(s).
Build target 'stm32f103x'
compiling TIM3_PWM.C...
linking...
Program Size: Code=3110 RO-data=290 RW-data=12 ZI-data=612  
FromELF: creating hex file...
"tpl.axf" - 0 Error(s), 0 Warning(s).
Build target 'stm32f103x'
compiling TIM3_PWM.C...
linking...
Program Size: Code=3102 RO-data=290 RW-data=12 ZI-data=612  
FromELF: creating hex file...
"tpl.axf" - 0 Error(s), 0 Warning(s).
Build target 'stm32f103x'
compiling TIM3_PWM.C...
linking...
Program Size: Code=3110 RO-data=290 RW-data=12 ZI-data=612  
FromELF: creating hex file...
"tpl.axf" - 0 Error(s), 0 Warning(s).
Build target 'stm32f103x'
compiling TIM3_PWM.C...
linking...
Program Size: Code=3110 RO-data=290 RW-data=12 ZI-data=612  
FromELF: creating hex file...
"tpl.axf" - 0 Error(s), 0 Warning(s).
Build target 'stm32f103x'
compiling TIM3_PWM.C...
linking...
Program Size: Code=3110 RO-data=290 RW-data=12 ZI-data=612  
FromELF: creating hex file...
"tpl.axf" - 0 Error(s), 0 Warning(s).
Build target 'stm32f103x'
linking...
Program Size: Code=3110 RO-data=290 RW-data=12 ZI-data=612  
FromELF: creating hex file...
"tpl.axf" - 0 Error(s), 0 Warning(s).
Build target 'stm32f103x'
compiling TIM3_PWM.C...
linking...
Program Size: Code=3110 RO-data=290 RW-data=12 ZI-data=612  
FromELF: creating hex file...
"tpl.axf" - 0 Error(s), 0 Warning(s).
Build target 'stm32f103x'
compiling TIM3_PWM.C...
linking...
Program Size: Code=3110 RO-data=290 RW-data=12 ZI-data=612  
FromELF: creating hex file...
"tpl.axf" - 0 Error(s), 0 Warning(s).
Build target 'stm32f103x'
compiling TIM3_PWM.C...
linking...
Program Size: Code=3110 RO-data=290 RW-data=12 ZI-data=612  
FromELF: creating hex file...
"tpl.axf" - 0 Error(s), 0 Warning(s).
Build target 'stm32f103x'
compiling TIM3_PWM.C...
linking...
Program Size: Code=3110 RO-data=290 RW-data=12 ZI-data=612  
FromELF: creating hex file...
"tpl.axf" - 0 Error(s), 0 Warning(s).
Build target 'stm32f103x'
compiling TIM3_PWM.C...
linking...
Program Size: Code=3106 RO-data=290 RW-data=12 ZI-data=612  
FromELF: creating hex file...
"tpl.axf" - 0 Error(s), 0 Warning(s).
Build target 'stm32f103x'
compiling TIM3_PWM.C...
linking...
Program Size: Code=3106 RO-data=290 RW-data=12 ZI-data=612  
FromELF: creating hex file...
"tpl.axf" - 0 Error(s), 0 Warning(s).
Build target 'stm32f103x'
compiling TIM3_PWM.C...
linking...
Program Size: Code=3106 RO-data=290 RW-data=12 ZI-data=612  
FromELF: creating hex file...
"tpl.axf" - 0 Error(s), 0 Warning(s).
Build target 'stm32f103x'
compiling TIM3_PWM.C...
linking...
Program Size: Code=3106 RO-data=290 RW-data=12 ZI-data=612  
FromELF: creating hex file...
"tpl.axf" - 0 Error(s), 0 Warning(s).
Build target 'stm32f103x'
compiling TIM3_PWM.C...
linking...
Program Size: Code=3110 RO-data=290 RW-data=12 ZI-data=612  
FromELF: creating hex file...
"tpl.axf" - 0 Error(s), 0 Warning(s).
Build target 'stm32f103x'
compiling TIM3_PWM.C...
linking...
Program Size: Code=3110 RO-data=290 RW-data=12 ZI-data=612  
FromELF: creating hex file...
"tpl.axf" - 0 Error(s), 0 Warning(s).
Build target 'stm32f103x'
compiling TIM3_PWM.C...
linking...
Program Size: Code=3110 RO-data=290 RW-data=12 ZI-data=612  
FromELF: creating hex file...
"tpl.axf" - 0 Error(s), 0 Warning(s).
Build target 'stm32f103x'
compiling TIM3_PWM.C...
linking...
Program Size: Code=3110 RO-data=290 RW-data=12 ZI-data=612  
FromELF: creating hex file...
"tpl.axf" - 0 Error(s), 0 Warning(s).
Build target 'stm32f103x'
compiling TIM3_PWM.C...
linking...
Program Size: Code=3110 RO-data=290 RW-data=12 ZI-data=612  
FromELF: creating hex file...
"tpl.axf" - 0 Error(s), 0 Warning(s).
Build target 'stm32f103x'
compiling TIM3_PWM.C...
linking...
Program Size: Code=3110 RO-data=290 RW-data=12 ZI-data=612  
FromELF: creating hex file...
"tpl.axf" - 0 Error(s), 0 Warning(s).
Build target 'stm32f103x'
compiling TIM3_PWM.C...
linking...
Program Size: Code=3110 RO-data=290 RW-data=12 ZI-data=612  
FromELF: creating hex file...
"tpl.axf" - 0 Error(s), 0 Warning(s).
Build target 'stm32f103x'
compiling TIM3_PWM.C...
linking...
Program Size: Code=3110 RO-data=290 RW-data=12 ZI-data=612  
FromELF: creating hex file...
"tpl.axf" - 0 Error(s), 0 Warning(s).
Build target 'stm32f103x'
compiling TIM3_PWM.C...
linking...
Program Size: Code=3110 RO-data=290 RW-data=12 ZI-data=612  
FromELF: creating hex file...
"tpl.axf" - 0 Error(s), 0 Warning(s).
Build target 'stm32f103x'
compiling TIM3_PWM.C...
linking...
Program Size: Code=3110 RO-data=290 RW-data=12 ZI-data=612  
FromELF: creating hex file...
"tpl.axf" - 0 Error(s), 0 Warning(s).
Build target 'stm32f103x'
compiling TIM3_PWM.C...
linking...
Program Size: Code=3110 RO-data=290 RW-data=12 ZI-data=612  
FromELF: creating hex file...
"tpl.axf" - 0 Error(s), 0 Warning(s).
Build target 'stm32f103x'
compiling main.c...
src\main.c(7): warning:  #177-D: variable "i" was declared but never referenced
src\main.c:     int i = 0 ;
src\main.c:         ^
src\main.c: src\main.c: 1 warning, 0 errors
linking...
Program Size: Code=3118 RO-data=290 RW-data=12 ZI-data=612  
FromELF: creating hex file...
"tpl.axf" - 0 Error(s), 1 Warning(s).
Build target 'stm32f103x'
compiling main.c...
src\main.c(7): warning:  #177-D: variable "i" was declared but never referenced
src\main.c:     int i = 0 ;
src\main.c:         ^
src\main.c: src\main.c: 1 warning, 0 errors
linking...
Program Size: Code=3138 RO-data=290 RW-data=12 ZI-data=612  
FromELF: creating hex file...
"tpl.axf" - 0 Error(s), 1 Warning(s).
Build target 'stm32f103x'
compiling main.c...
linking...
Program Size: Code=3138 RO-data=290 RW-data=12 ZI-data=612  
FromELF: creating hex file...
"tpl.axf" - 0 Error(s), 0 Warning(s).
Build target 'stm32f103x'
compiling main.c...
linking...
Program Size: Code=3138 RO-data=290 RW-data=12 ZI-data=612  
FromELF: creating hex file...
"tpl.axf" - 0 Error(s), 0 Warning(s).
Build target 'stm32f103x'
compiling TIM3_PWM.C...
linking...
Program Size: Code=3138 RO-data=290 RW-data=12 ZI-data=612  
FromELF: creating hex file...
"tpl.axf" - 0 Error(s), 0 Warning(s).
Build target 'stm32f103x'
compiling main.c...
linking...
Program Size: Code=3146 RO-data=290 RW-data=12 ZI-data=612  
FromELF: creating hex file...
"tpl.axf" - 0 Error(s), 0 Warning(s).
Build target 'stm32f103x'
compiling main.c...
compiling TIM3_PWM.C...
linking...
Program Size: Code=3110 RO-data=290 RW-data=12 ZI-data=612  
FromELF: creating hex file...
"tpl.axf" - 0 Error(s), 0 Warning(s).
Build target 'stm32f103x'
compiling main.c...
linking...
Program Size: Code=3154 RO-data=290 RW-data=12 ZI-data=612  
FromELF: creating hex file...
"tpl.axf" - 0 Error(s), 0 Warning(s).
Build target 'stm32f103x'
compiling main.c...
compiling TIM3_PWM.C...
linking...
Program Size: Code=3110 RO-data=290 RW-data=12 ZI-data=612  
FromELF: creating hex file...
"tpl.axf" - 0 Error(s), 0 Warning(s).
Build target 'stm32f103x'
compiling TIM3_PWM.C...
linking...
Program Size: Code=3110 RO-data=290 RW-data=12 ZI-data=612  
FromELF: creating hex file...
"tpl.axf" - 0 Error(s), 0 Warning(s).
Build target 'stm32f103x'
compiling TIM3_PWM.C...
linking...
Program Size: Code=3110 RO-data=290 RW-data=12 ZI-data=612  
FromELF: creating hex file...
"tpl.axf" - 0 Error(s), 0 Warning(s).
Build target 'stm32f103x'
compiling TIM3_PWM.C...
linking...
Program Size: Code=3110 RO-data=290 RW-data=12 ZI-data=612  
FromELF: creating hex file...
"tpl.axf" - 0 Error(s), 0 Warning(s).
Build target 'stm32f103x'
compiling TIM3_PWM.C...
linking...
Program Size: Code=3110 RO-data=290 RW-data=12 ZI-data=612  
FromELF: creating hex file...
"tpl.axf" - 0 Error(s), 0 Warning(s).
Build target 'stm32f103x'
compiling main.c...
linking...
Program Size: Code=3154 RO-data=290 RW-data=12 ZI-data=612  
FromELF: creating hex file...
"tpl.axf" - 0 Error(s), 0 Warning(s).
Build target 'stm32f103x'
compiling TIM3_PWM.C...
linking...
Program Size: Code=3154 RO-data=290 RW-data=12 ZI-data=612  
FromELF: creating hex file...
"tpl.axf" - 0 Error(s), 0 Warning(s).
Build target 'stm32f103x'
compiling main.c...
compiling TIM3_PWM.C...
linking...
Program Size: Code=3110 RO-data=290 RW-data=12 ZI-data=612  
FromELF: creating hex file...
"tpl.axf" - 0 Error(s), 0 Warning(s).
Build target 'stm32f103x'
compiling TIM3_PWM.C...
linking...
Program Size: Code=3110 RO-data=290 RW-data=12 ZI-data=612  
FromELF: creating hex file...
"tpl.axf" - 0 Error(s), 0 Warning(s).
Build target 'stm32f103x'
compiling main.c...
compiling TIM3_PWM.C...
linking...
Program Size: Code=3146 RO-data=290 RW-data=12 ZI-data=612  
FromELF: creating hex file...
"tpl.axf" - 0 Error(s), 0 Warning(s).
Build target 'stm32f103x'
compiling main.c...
linking...
Program Size: Code=3146 RO-data=290 RW-data=12 ZI-data=612  
FromELF: creating hex file...
"tpl.axf" - 0 Error(s), 0 Warning(s).
Build target 'stm32f103x'
compiling main.c...
compiling stm32f10x_it.c...
src\stm32f10x_it.c(568): warning:  #223-D: function "TIM3_SetCompare1" declared implicitly
src\stm32f10x_it.c:     TIM3_SetCompare1(TIM3, res * 100);
src\stm32f10x_it.c:     ^
src\stm32f10x_it.c: src\stm32f10x_it.c: 1 warning, 0 errors
linking...
tpl.axf: Error: L6218E: Undefined symbol TIM3_SetCompare1 (referred from stm32f10x_it.o).
tpl.axf: Not enough information to list image symbols.
tpl.axf: Finished: 1 information, 0 warning and 1 error messages.
Target not created
Build target 'stm32f103x'
compiling stm32f10x_it.c...
linking...
Program Size: Code=3130 RO-data=290 RW-data=12 ZI-data=612  
FromELF: creating hex file...
"tpl.axf" - 0 Error(s), 0 Warning(s).
Build target 'stm32f103x'
compiling stm32f10x_it.c...
src\stm32f10x_it.c(563): warning:  #550-D: variable "res" was set but never used
src\stm32f10x_it.c:     char res;
src\stm32f10x_it.c:          ^
src\stm32f10x_it.c: src\stm32f10x_it.c: 1 warning, 0 errors
linking...
Program Size: Code=3094 RO-data=290 RW-data=12 ZI-data=612  
FromELF: creating hex file...
"tpl.axf" - 0 Error(s), 1 Warning(s).
Build target 'stm32f103x'
linking...
Program Size: Code=3094 RO-data=290 RW-data=12 ZI-data=612  
FromELF: creating hex file...
"tpl.axf" - 0 Error(s), 0 Warning(s).
Build target 'stm32f103x'
compiling TIM3_PWM.C...
linking...
Program Size: Code=3094 RO-data=290 RW-data=12 ZI-data=612  
FromELF: creating hex file...
"tpl.axf" - 0 Error(s), 0 Warning(s).
Build target 'stm32f103x'
compiling TIM3_PWM.C...
linking...
Program Size: Code=3094 RO-data=290 RW-data=12 ZI-data=612  
FromELF: creating hex file...
"tpl.axf" - 0 Error(s), 0 Warning(s).
Build target 'stm32f103x'
compiling TIM3_PWM.C...
linking...
Program Size: Code=3094 RO-data=290 RW-data=12 ZI-data=612  
FromELF: creating hex file...
"tpl.axf" - 0 Error(s), 0 Warning(s).
Build target 'stm32f103x'
compiling TIM3_PWM.C...
linking...
Program Size: Code=3094 RO-data=290 RW-data=12 ZI-data=612  
FromELF: creating hex file...
"tpl.axf" - 0 Error(s), 0 Warning(s).
Build target 'stm32f103x'
compiling TIM3_PWM.C...
linking...
Program Size: Code=3094 RO-data=290 RW-data=12 ZI-data=612  
FromELF: creating hex file...
"tpl.axf" - 0 Error(s), 0 Warning(s).
Build target 'stm32f103x'
compiling TIM3_PWM.C...
linking...
Program Size: Code=3094 RO-data=290 RW-data=12 ZI-data=612  
FromELF: creating hex file...
"tpl.axf" - 0 Error(s), 0 Warning(s).
Build target 'stm32f103x'
compiling main.c...
linking...
Program Size: Code=3122 RO-data=290 RW-data=12 ZI-data=612  
FromELF: creating hex file...
"tpl.axf" - 0 Error(s), 0 Warning(s).
Build target 'stm32f103x'
compiling main.c...
linking...
Program Size: Code=3122 RO-data=290 RW-data=12 ZI-data=612  
FromELF: creating hex file...
"tpl.axf" - 0 Error(s), 0 Warning(s).
Build target 'stm32f103x'
compiling main.c...
compiling TIM3_PWM.C...
linking...
Program Size: Code=3130 RO-data=290 RW-data=12 ZI-data=612  
FromELF: creating hex file...
"tpl.axf" - 0 Error(s), 0 Warning(s).
Build target 'stm32f103x'
compiling main.c...
linking...
Program Size: Code=3138 RO-data=290 RW-data=12 ZI-data=612  
FromELF: creating hex file...
"tpl.axf" - 0 Error(s), 0 Warning(s).
